// Jest Snapshot v1, https://goo.gl/fbAQLP

exports[`NewUser should match snapshot 1`] = `
<div>
  <div
    class="sc-gsFSjX cnYFcK"
  >
    <div
      class="sc-kAycRU iVltdX"
    >
      <button
        aria-label="back"
        class="sc-dcJtft ctFbSN"
      >
        <svg
          aria-hidden="true"
          fill="none"
          height="24"
          stroke="currentColor"
          stroke-width="2"
          viewBox="0 0 24 24"
          width="24"
          xmlns="http://www.w3.org/2000/svg"
        >
          <path
            d="M10 19l-7-7m0 0l7-7m-7 7h18"
            stroke-linecap="round"
            stroke-linejoin="round"
          />
        </svg>
      </button>
      <form
        action="#"
        class="sc-imWZod cNUZzl"
        novalidate=""
      >
        <div>
          <label
            for="name"
          >
            Nome
          </label>
          <input
            class="sc-iGgVNO hMJbhL"
            id="name"
            label="Nome"
            name="employeeName"
            placeholder="Nome"
            value=""
          />
          <span
            data-testid="error-message-name"
            style="font-size: 12px; color: red;"
          />
        </div>
        <div>
          <label
            for="email"
          >
            Email
          </label>
          <input
            class="sc-iGgVNO hMJbhL"
            id="email"
            label="Email"
            name="email"
            placeholder="Email"
            type="email"
            value=""
          />
          <span
            data-testid="error-message-email"
            style="font-size: 12px; color: red;"
          />
        </div>
        <div>
          <label
            for="cpf"
          >
            CPF
          </label>
          <input
            class="sc-iGgVNO hMJbhL"
            id="cpf"
            label="CPF"
            name="cpf"
            placeholder="CPF"
            value=""
          />
          <span
            data-testid="error-message-cpf"
            style="font-size: 12px; color: red;"
          />
        </div>
        <div>
          <label
            for="date"
          >
            Data de admissão
          </label>
          <input
            class="sc-iGgVNO hMJbhL"
            id="date"
            label="Data de admissão"
            name="admissionDate"
            type="date"
          />
          <span
            data-testid="error-message-date"
            style="font-size: 12px; color: red;"
          />
        </div>
        <button
          class="sc-eqUzNf gvJhSY"
        >
          Cadastrar
        </button>
      </form>
    </div>
  </div>
  <div
    class="sc-aYaIB jZrxtb"
    date-testid="loader"
  >
    <div
      class="sc-gEvDqW gEDMht"
    />
  </div>
</div>
`;
