// Jest Snapshot v1, https://goo.gl/fbAQLP

exports[`Dashboard should match snapshot 1`] = `
<div>
  <div
    class="sc-fUnNpA gemtlB"
  >
    <div
      class="sc-cwHqhk fYffUJ"
    >
      <div>
        <label />
        <input
          class="sc-jlZhRR jsGjNp"
          placeholder="Digite um CPF válido"
          value=""
        />
        <span
          data-testid="error-message-undefined"
          style="font-size: 12px; color: red;"
        />
      </div>
      <div
        class="sc-jEABJj kgEuvB"
      >
        <button
          aria-label="refetch"
          class="sc-dAlxHm eFbcSi"
        >
          <svg
            aria-hidden="true"
            fill="currentColor"
            height="1em"
            stroke="currentColor"
            stroke-width="0"
            viewBox="0 0 20 20"
            width="1em"
            xmlns="http://www.w3.org/2000/svg"
          >
            <path
              clip-rule="evenodd"
              d="M4 2a1 1 0 011 1v2.101a7.002 7.002 0 0111.601 2.566 1 1 0 11-1.885.666A5.002 5.002 0 005.999 7H9a1 1 0 010 2H4a1 1 0 01-1-1V3a1 1 0 011-1zm.008 9.057a1 1 0 011.276.61A5.002 5.002 0 0014.001 13H11a1 1 0 110-2h5a1 1 0 011 1v5a1 1 0 11-2 0v-2.101a7.002 7.002 0 01-11.601-2.566 1 1 0 01.61-1.276z"
              fill-rule="evenodd"
            />
          </svg>
        </button>
        <button
          class="sc-eqUzNf gvJhSY"
        >
          Nova Admissão
        </button>
      </div>
    </div>
    <div
      class="sc-imWZod iahWDi"
    >
      <div
        class="sc-jXbVAB iTQlrL"
        data-testid="REVIEW"
        status="REVIEW"
      >
        <h3
          class="sc-dhKdPU fzUDCd"
          status="REVIEW"
        >
          Pronto para revisar
        </h3>
        <div
          class="sc-kpDprT gEiEmr"
        >
          <div
            class="sc-dcJtft cMKrRQ"
            data-testid="registration-card-REVIEW"
          >
            <div
              class="sc-iGgVNO fbVpXc"
            >
              <svg
                aria-hidden="true"
                fill="none"
                height="1em"
                stroke="currentColor"
                stroke-width="2"
                viewBox="0 0 24 24"
                width="1em"
                xmlns="http://www.w3.org/2000/svg"
              >
                <path
                  d="M16 7a4 4 0 11-8 0 4 4 0 018 0zM12 14a7 7 0 00-7 7h14a7 7 0 00-7-7z"
                  stroke-linecap="round"
                  stroke-linejoin="round"
                />
              </svg>
              <h3>
                José Leão
              </h3>
            </div>
            <div
              class="sc-iGgVNO fbVpXc"
            >
              <svg
                aria-hidden="true"
                fill="none"
                height="1em"
                stroke="currentColor"
                stroke-width="2"
                viewBox="0 0 24 24"
                width="1em"
                xmlns="http://www.w3.org/2000/svg"
              >
                <path
                  d="M3 8l7.89 5.26a2 2 0 002.22 0L21 8M5 19h14a2 2 0 002-2V7a2 2 0 00-2-2H5a2 2 0 00-2 2v10a2 2 0 002 2z"
                  stroke-linecap="round"
                  stroke-linejoin="round"
                />
              </svg>
              <p>
                jose@caju.com.br
              </p>
            </div>
            <div
              class="sc-iGgVNO fbVpXc"
            >
              <svg
                aria-hidden="true"
                fill="none"
                height="1em"
                stroke="currentColor"
                stroke-width="2"
                viewBox="0 0 24 24"
                width="1em"
                xmlns="http://www.w3.org/2000/svg"
              >
                <path
                  d="M8 7V3m8 4V3m-9 8h10M5 21h14a2 2 0 002-2V7a2 2 0 00-2-2H5a2 2 0 00-2 2v12a2 2 0 002 2z"
                  stroke-linecap="round"
                  stroke-linejoin="round"
                />
              </svg>
              <span>
                22/10/2023
              </span>
            </div>
            <div
              class="sc-gsFSjX LLUum"
            >
              <button
                bgcolor="rgb(255, 145, 154)"
                class="sc-fqkwJk eGPNoB"
                data-testid="change-status-modal-reproved-button"
              >
                Reprovar
              </button>
              <button
                bgcolor="rgb(155, 229, 155)"
                class="sc-fqkwJk jCekve"
                data-testid="change-status-modal-approved-button"
              >
                Aprovar
              </button>
              <svg
                aria-hidden="true"
                class="sc-kAycRU gOPfrk"
                data-testid="delete-button"
                fill="none"
                height="1em"
                role="button"
                stroke="currentColor"
                stroke-width="2"
                viewBox="0 0 24 24"
                width="1em"
                xmlns="http://www.w3.org/2000/svg"
              >
                <path
                  d="M19 7l-.867 12.142A2 2 0 0116.138 21H7.862a2 2 0 01-1.995-1.858L5 7m5 4v6m4-6v6m1-10V4a1 1 0 00-1-1h-4a1 1 0 00-1 1v3M4 7h16"
                  stroke-linecap="round"
                  stroke-linejoin="round"
                />
              </svg>
            </div>
          </div>
        </div>
      </div>
      <div
        class="sc-jXbVAB cVhtxp"
        data-testid="APPROVED"
        status="APPROVED"
      >
        <h3
          class="sc-dhKdPU fwWCsB"
          status="APPROVED"
        >
          Aprovado
        </h3>
        <div
          class="sc-kpDprT gEiEmr"
        >
          <div
            class="sc-dcJtft cMKrRQ"
            data-testid="registration-card-APPROVED"
          >
            <div
              class="sc-iGgVNO fbVpXc"
            >
              <svg
                aria-hidden="true"
                fill="none"
                height="1em"
                stroke="currentColor"
                stroke-width="2"
                viewBox="0 0 24 24"
                width="1em"
                xmlns="http://www.w3.org/2000/svg"
              >
                <path
                  d="M16 7a4 4 0 11-8 0 4 4 0 018 0zM12 14a7 7 0 00-7 7h14a7 7 0 00-7-7z"
                  stroke-linecap="round"
                  stroke-linejoin="round"
                />
              </svg>
              <h3>
                Filipe Marins
              </h3>
            </div>
            <div
              class="sc-iGgVNO fbVpXc"
            >
              <svg
                aria-hidden="true"
                fill="none"
                height="1em"
                stroke="currentColor"
                stroke-width="2"
                viewBox="0 0 24 24"
                width="1em"
                xmlns="http://www.w3.org/2000/svg"
              >
                <path
                  d="M3 8l7.89 5.26a2 2 0 002.22 0L21 8M5 19h14a2 2 0 002-2V7a2 2 0 00-2-2H5a2 2 0 00-2 2v10a2 2 0 002 2z"
                  stroke-linecap="round"
                  stroke-linejoin="round"
                />
              </svg>
              <p>
                filipe@caju.com.br
              </p>
            </div>
            <div
              class="sc-iGgVNO fbVpXc"
            >
              <svg
                aria-hidden="true"
                fill="none"
                height="1em"
                stroke="currentColor"
                stroke-width="2"
                viewBox="0 0 24 24"
                width="1em"
                xmlns="http://www.w3.org/2000/svg"
              >
                <path
                  d="M8 7V3m8 4V3m-9 8h10M5 21h14a2 2 0 002-2V7a2 2 0 00-2-2H5a2 2 0 00-2 2v12a2 2 0 002 2z"
                  stroke-linecap="round"
                  stroke-linejoin="round"
                />
              </svg>
              <span>
                22/10/2023
              </span>
            </div>
            <div
              class="sc-gsFSjX LLUum"
            >
              <button
                bgcolor="#ff8858"
                class="sc-fqkwJk cjmksH"
                data-testid="change-status-modal-review-button"
              >
                Revisar novamente
              </button>
              <svg
                aria-hidden="true"
                class="sc-kAycRU gOPfrk"
                data-testid="delete-button"
                fill="none"
                height="1em"
                role="button"
                stroke="currentColor"
                stroke-width="2"
                viewBox="0 0 24 24"
                width="1em"
                xmlns="http://www.w3.org/2000/svg"
              >
                <path
                  d="M19 7l-.867 12.142A2 2 0 0116.138 21H7.862a2 2 0 01-1.995-1.858L5 7m5 4v6m4-6v6m1-10V4a1 1 0 00-1-1h-4a1 1 0 00-1 1v3M4 7h16"
                  stroke-linecap="round"
                  stroke-linejoin="round"
                />
              </svg>
            </div>
          </div>
        </div>
      </div>
      <div
        class="sc-jXbVAB cnqFim"
        data-testid="REPROVED"
        status="REPROVED"
      >
        <h3
          class="sc-dhKdPU fIZMKx"
          status="REPROVED"
        >
          Reprovado
        </h3>
        <div
          class="sc-kpDprT gEiEmr"
        >
          <div
            class="sc-dcJtft cMKrRQ"
            data-testid="registration-card-REPROVED"
          >
            <div
              class="sc-iGgVNO fbVpXc"
            >
              <svg
                aria-hidden="true"
                fill="none"
                height="1em"
                stroke="currentColor"
                stroke-width="2"
                viewBox="0 0 24 24"
                width="1em"
                xmlns="http://www.w3.org/2000/svg"
              >
                <path
                  d="M16 7a4 4 0 11-8 0 4 4 0 018 0zM12 14a7 7 0 00-7 7h14a7 7 0 00-7-7z"
                  stroke-linecap="round"
                  stroke-linejoin="round"
                />
              </svg>
              <h3>
                Teste teste
              </h3>
            </div>
            <div
              class="sc-iGgVNO fbVpXc"
            >
              <svg
                aria-hidden="true"
                fill="none"
                height="1em"
                stroke="currentColor"
                stroke-width="2"
                viewBox="0 0 24 24"
                width="1em"
                xmlns="http://www.w3.org/2000/svg"
              >
                <path
                  d="M3 8l7.89 5.26a2 2 0 002.22 0L21 8M5 19h14a2 2 0 002-2V7a2 2 0 00-2-2H5a2 2 0 00-2 2v10a2 2 0 002 2z"
                  stroke-linecap="round"
                  stroke-linejoin="round"
                />
              </svg>
              <p>
                teste@teste.com
              </p>
            </div>
            <div
              class="sc-iGgVNO fbVpXc"
            >
              <svg
                aria-hidden="true"
                fill="none"
                height="1em"
                stroke="currentColor"
                stroke-width="2"
                viewBox="0 0 24 24"
                width="1em"
                xmlns="http://www.w3.org/2000/svg"
              >
                <path
                  d="M8 7V3m8 4V3m-9 8h10M5 21h14a2 2 0 002-2V7a2 2 0 00-2-2H5a2 2 0 00-2 2v12a2 2 0 002 2z"
                  stroke-linecap="round"
                  stroke-linejoin="round"
                />
              </svg>
              <span>
                09/10/2023
              </span>
            </div>
            <div
              class="sc-gsFSjX LLUum"
            >
              <button
                bgcolor="#ff8858"
                class="sc-fqkwJk cjmksH"
                data-testid="change-status-modal-review-button"
              >
                Revisar novamente
              </button>
              <svg
                aria-hidden="true"
                class="sc-kAycRU gOPfrk"
                data-testid="delete-button"
                fill="none"
                height="1em"
                role="button"
                stroke="currentColor"
                stroke-width="2"
                viewBox="0 0 24 24"
                width="1em"
                xmlns="http://www.w3.org/2000/svg"
              >
                <path
                  d="M19 7l-.867 12.142A2 2 0 0116.138 21H7.862a2 2 0 01-1.995-1.858L5 7m5 4v6m4-6v6m1-10V4a1 1 0 00-1-1h-4a1 1 0 00-1 1v3M4 7h16"
                  stroke-linecap="round"
                  stroke-linejoin="round"
                />
              </svg>
            </div>
          </div>
        </div>
      </div>
    </div>
  </div>
  <div
    class="sc-aYaIB jZrxtb"
    date-testid="loader"
  >
    <div
      class="sc-gEvDqW gEDMht"
    />
  </div>
</div>
`;
